// Jest Snapshot v1, https://goo.gl/fbAQLP

exports[`<InputField> should render 1`] = `
.c1 {
  padding-top: 8px;
  padding-bottom: 8px;
  padding-left: 12px;
  padding-right: 32px;
  border-width: 1px;
  font-size: 16px;
  border-radius: 4px;
  -webkit-transition: all 250ms ease 0s;
  transition: all 250ms ease 0s;
  outline: none;
  width: 100%;
}

.c1:focus {
  border-color: #a4cafe;
  box-shadow: 0 0 0 3px rgba(164,202,254,.45);
}

.c1:disabled {
  background-color: #EAEAEA;
  color: #8F8F8F;
  cursor: not-allowed;
}

.c0 {
  display: block;
  position: relative;
  margin-bottom: 8px;
  line-height: 1.5;
}

<div>
  <div
    class=""
  >
    <label
      class="c0"
      data-testid="label"
      for="example-input"
    >
      Placeholder
    </label>
    <input
      class="c1"
      id="example-input"
      placeholder="Basic Input"
      value=""
    />
  </div>
</div>
`;
