// Jest Snapshot v1, https://goo.gl/fbAQLP

exports[`<Input /> should render 1`] = `
.c0 {
  box-sizing: border-box;
  min-width: 0;
  color: #374151;
  font-size: 16px;
  border-style: solid;
  border-color: #d2d6dc;
  padding-top: 8px;
  padding-bottom: 8px;
  padding-left: 12px;
  padding-right: 32px;
  border-width: 1px;
  border-radius: 4px;
  -webkit-transition: all 250ms ease 0s;
  transition: all 250ms ease 0s;
  outline: none;
  width: 100%;
}

<div>
  <label
    for="input-field"
  >
    Name
    <input
      class="sc-AxjAm c0"
      id="input-field"
      value=""
    />
  </label>
</div>
`;
