// Jest Snapshot v1, https://goo.gl/fbAQLP

exports[`<Button /> should render 1`] = `
.c0 {
  -webkit-transition: all 150ms ease 0s;
  transition: all 150ms ease 0s;
  outline: none;
  background-color: #fff;
  border-width: 1px;
  color: #374151;
  font-weight: 500;
  display: -webkit-inline-box;
  display: -webkit-inline-flex;
  display: -ms-inline-flexbox;
  display: inline-flex;
  -webkit-appearance: none;
  -webkit-box-align: center;
  -webkit-align-items: center;
  -webkit-box-align: center;
  -ms-flex-align: center;
  align-items: center;
  -webkit-box-pack: center;
  -webkit-box-pack: center;
  -webkit-justify-content: center;
  -ms-flex-pack: center;
  justify-content: center;
  -webkit-user-select: none;
  -moz-user-select: none;
  -ms-user-select: none;
  user-select: none;
  position: relative;
  white-space: nowrap;
  vertical-align: middle;
  font-size: 14px;
  line-height: 20px;
  padding-top: 8px;
  padding-bottom: 8px;
  padding-left: 16px;
  padding-right: 16px;
  border-radius: 5px;
}

.c0:hover {
  background-color: #f9fafb;
}

.c0:focus {
  border-color: #a4cafe;
  box-shadow: 0 0 0 3px rgba(118,169,250,.45);
  outline: 0;
}

.c0:disabled {
  opacity: 0.4;
  cursor: not-allowed;
}

<div>
  <button
    class="sc-AxhCb sc-AxheI c0"
    role="button"
  >
    Test
  </button>
</div>
`;

exports[`<Checkbox /> should render 1`] = `
.c0 {
  display: -webkit-box;
  display: -webkit-flex;
  display: -ms-flexbox;
  display: flex;
  -webkit-align-items: center;
  -webkit-box-align: center;
  -ms-flex-align: center;
  align-items: center;
  cursor: pointer;
  font-size: 14px;
}

.c2 {
  display: -webkit-box;
  display: -webkit-flex;
  display: -ms-flexbox;
  display: flex;
  -webkit-align-items: center;
  -webkit-box-align: center;
  -ms-flex-align: center;
  align-items: center;
  -webkit-box-pack: center;
  -webkit-justify-content: center;
  -ms-flex-pack: center;
  justify-content: center;
  border-style: solid;
  border-width: 1px;
  border-radius: 4px;
  width: 16px;
  height: 16px;
  bg: primary;
  margin-right: 8px;
  -webkit-transition: all 200ms ease;
  transition: all 200ms ease;
  border-color: #ecebed;
  background-image: url("data:image/svg+xml;charset=utf-8,%3Csvg viewBox='0 0 16 16' fill='%23fff' xmlns='http://www.w3.org/2000/svg'%3E%3Cpath d='M5.707 7.293a1 1 0 00-1.414 1.414l2 2a1 1 0 001.414 0l4-4a1 1 0 00-1.414-1.414L7 8.586 5.707 7.293z'/%3E%3C/svg%3E");
  background-color: #fff;
}

.c2:focus {
  border-color: #a4cafe;
  box-shadow: 0 0 0 3px rgba(118,169,250,.45);
  outline: 0;
}

.c1 {
  border: 0px;
  -webkit-clip: rect(0px,0px,0px,0px);
  clip: rect(0px,0px,0px,0px);
  height: 1px;
  width: 1px;
  padding: 0px;
  overflow: hidden;
  white-space: nowrap;
  position: absolute;
}

<div>
  <div
    class="sc-AxhCb c0"
  >
    <span
      data-reach-custom-checkbox-container=""
      data-state="unchecked"
    >
      <div
        class="c1"
      >
        <input
          aria-checked="false"
          data-reach-custom-checkbox-input=""
          type="checkbox"
        />
      </div>
      <div
        class="c2"
        tabindex="0"
      />
    </span>
    Test
  </div>
</div>
`;
