// Jest Snapshot v1, https://goo.gl/fbAQLP

exports[`<Tag /> should render 1`] = `
.c0 {
  display: -webkit-inline-box;
  display: -webkit-inline-flex;
  display: -ms-inline-flexbox;
  display: inline-flex;
  -webkit-align-items: center;
  -webkit-box-align: center;
  -ms-flex-align: center;
  align-items: center;
  background-color: #EDF2F7;
  border-radius: 5px;
  padding: 8px 10px;
}

<div>
  <div
    class="sc-AxirZ c0"
  >
    Test
  </div>
</div>
`;
