// Jest Snapshot v1, https://goo.gl/fbAQLP

exports[`<Text /> should render 1`] = `
.c0 {
  box-sizing: border-box;
  min-width: 0;
  margin: 0;
  font-size: 16px;
  line-height: normal;
}

<div>
  <p
    class="c0"
  >
    Test
  </p>
</div>
`;
